2026-04-10 08:10:35,073 - INFO - Loading credentials from ./credential.txt
2026-04-10 08:10:35,074 - INFO - Authenticating with WorldQuant Brain...
2026-04-10 08:10:36,101 - INFO - Authentication successful
2026-04-10 08:10:36,102 - INFO - Initialized correlation database at alpha_correlation_db.sqlite
2026-04-10 08:10:36,102 - INFO - Loaded 2 submitted alphas
2026-04-10 08:10:36,103 - INFO - ============================================================
2026-04-10 08:10:36,103 - INFO - Starting Continuous Alpha Improvement System
2026-04-10 08:10:36,103 - INFO - ============================================================
2026-04-10 08:10:36,103 - INFO - 
========================================
2026-04-10 08:10:36,103 - INFO - Iteration 1/1
2026-04-10 08:10:36,103 - INFO - Submitted: 0/1
2026-04-10 08:10:36,103 - INFO - ========================================
2026-04-10 08:10:36,103 - INFO - Testing expression: rank(ts_mean(delta(close, 5), 20))
2026-04-10 08:10:57,482 - ERROR - Simulation failed: {'id': '2xWTVZehY4Pc8R01a2a1Dbw0', 'type': 'REGULAR', 'status': 'ERROR', 'message': 'Attempted to use inaccessible or unknown operator "delta". <linkToCommonErrorMessages>Learn more</linkToCommonErrorMessages>', 'location': {'line': 1, 'start': 13, 'end': 28, 'property': 'regular'}, 'links': {'linkToCommonErrorMessages': 'https://support.worldquantbrain.com/hc/en-us/articles/18423410021783--BRAIN-TIPS-Troubleshooting-common-error-messages'}}
2026-04-10 08:10:57,482 - WARNING - Alpha test failed, generating new expression
2026-04-10 08:10:57,483 - INFO - 
============================================================
2026-04-10 08:10:57,483 - INFO - FINAL REPORT - Alpha Improvement System
2026-04-10 08:10:57,483 - INFO - ============================================================
2026-04-10 08:10:57,483 - INFO - Generation Rounds: 1
2026-04-10 08:10:57,483 - INFO - Alphas Tested: 0
2026-04-10 08:10:57,483 - INFO - Alphas Submitted: 0
2026-04-10 08:10:57,483 - INFO - Passed Correlation: 0
2026-04-10 08:10:57,483 - INFO - Failed Correlation: 0
2026-04-10 08:10:57,483 - INFO - Average Sharpe: 0.000
2026-04-10 08:10:57,483 - INFO - Best Sharpe: 0.000
2026-04-10 08:10:57,483 - INFO - ============================================================
2026-04-10 08:11:38,770 - INFO - Loading credentials from ./credential.txt
2026-04-10 08:11:38,771 - INFO - Authenticating with WorldQuant Brain...
2026-04-10 08:11:39,847 - INFO - Authentication successful
2026-04-10 08:11:39,848 - INFO - Initialized correlation database at alpha_correlation_db.sqlite
2026-04-10 08:11:39,848 - INFO - Loaded 2 submitted alphas
2026-04-10 08:11:39,849 - INFO - Loaded history with 0 alphas
2026-04-10 08:11:39,849 - INFO - ============================================================
2026-04-10 08:11:39,849 - INFO - Starting Continuous Alpha Improvement System
2026-04-10 08:11:39,849 - INFO - ============================================================
2026-04-10 08:11:39,849 - INFO - 
========================================
2026-04-10 08:11:39,849 - INFO - Iteration 1/3
2026-04-10 08:11:39,849 - INFO - Submitted: 0/1
2026-04-10 08:11:39,849 - INFO - ========================================
2026-04-10 08:11:39,850 - INFO - Testing expression: rank(ts_mean((close - delay(close, 5)), 20))
2026-04-10 08:12:01,003 - ERROR - Simulation failed: {'id': '17txk66124LAc8EniZ2VkRA', 'type': 'REGULAR', 'status': 'ERROR', 'message': 'Attempted to use inaccessible or unknown operator "delay". <linkToCommonErrorMessages>Learn more</linkToCommonErrorMessages>', 'location': {'line': 1, 'start': 22, 'end': 37, 'property': 'regular'}, 'links': {'linkToCommonErrorMessages': 'https://support.worldquantbrain.com/hc/en-us/articles/18423410021783--BRAIN-TIPS-Troubleshooting-common-error-messages'}}
2026-04-10 08:12:01,003 - WARNING - Alpha test failed, generating new expression
2026-04-10 08:12:01,003 - INFO - 
========================================
2026-04-10 08:12:01,003 - INFO - Iteration 2/3
2026-04-10 08:12:01,004 - INFO - Submitted: 0/1
2026-04-10 08:12:01,004 - INFO - ========================================
2026-04-10 08:12:01,004 - INFO - Testing expression: rank(correlation(volume, close, 10))
2026-04-10 08:12:53,304 - ERROR - Simulation failed: {'id': '3RVwCZ74a4t1aV41ehzaKMFb', 'type': 'REGULAR', 'status': 'ERROR', 'message': 'Attempted to use inaccessible or unknown operator "correlation". <linkToCommonErrorMessages>Learn more</linkToCommonErrorMessages>', 'location': {'line': 1, 'start': 5, 'end': 35, 'property': 'regular'}, 'links': {'linkToCommonErrorMessages': 'https://support.worldquantbrain.com/hc/en-us/articles/18423410021783--BRAIN-TIPS-Troubleshooting-common-error-messages'}}
2026-04-10 08:12:53,304 - WARNING - Alpha test failed, generating new expression
2026-04-10 08:12:53,304 - INFO - 
========================================
2026-04-10 08:12:53,304 - INFO - Iteration 3/3
2026-04-10 08:12:53,304 - INFO - Submitted: 0/1
2026-04-10 08:12:53,304 - INFO - ========================================
2026-04-10 08:12:53,305 - INFO - Generated new expression: rank(ts_rank(low, 5) * ts_product(volume, 40))
2026-04-10 08:12:53,305 - INFO - Testing expression: rank(ts_rank(low, 5) * ts_product(volume, 40))
2026-04-10 08:15:18,877 - INFO - Loading credentials from ./credential.txt
2026-04-10 08:15:18,877 - INFO - Authenticating with WorldQuant Brain...
2026-04-10 08:15:19,959 - INFO - Authentication successful
2026-04-10 08:15:19,960 - INFO - Initialized correlation database at alpha_correlation_db.sqlite
2026-04-10 08:15:19,960 - INFO - Loaded 2 submitted alphas
2026-04-10 08:15:19,961 - INFO - Loaded history with 0 alphas
2026-04-10 08:15:19,961 - INFO - ============================================================
2026-04-10 08:15:19,961 - INFO - Starting Continuous Alpha Improvement System
2026-04-10 08:15:19,961 - INFO - ============================================================
2026-04-10 08:15:19,961 - INFO - 
========================================
2026-04-10 08:15:19,961 - INFO - Iteration 1/2
2026-04-10 08:15:19,961 - INFO - Submitted: 0/1
2026-04-10 08:15:19,961 - INFO - ========================================
2026-04-10 08:15:19,961 - INFO - Testing expression: rank(ts_mean(close, 10))
2026-04-10 08:19:43,397 - INFO - Loading credentials from ./credential.txt
2026-04-10 08:19:43,398 - INFO - Authenticating with WorldQuant Brain...
2026-04-10 08:19:44,463 - INFO - Authentication successful
2026-04-10 08:19:44,464 - INFO - Initialized correlation database at alpha_correlation_db.sqlite
2026-04-10 08:19:44,464 - INFO - Loaded 2 submitted alphas
2026-04-10 08:19:44,464 - INFO - Loaded history with 0 alphas
2026-04-10 08:19:49,199 - INFO - Loading credentials from ./credential.txt
2026-04-10 08:19:49,199 - INFO - Authenticating with WorldQuant Brain...
2026-04-10 08:19:50,282 - INFO - Authentication successful
2026-04-10 08:19:50,283 - INFO - Initialized correlation database at alpha_correlation_db.sqlite
2026-04-10 08:19:50,283 - INFO - Loaded 2 submitted alphas
2026-04-10 08:19:50,283 - INFO - Loaded history with 0 alphas
